[backblue.gif]
[fade.gif]
[index.html]
[cdn.ampproject.org/v0.js]
[cdn.ampproject.org/v0/amp-bind-0.1.js]
[cdn.ampproject.org/v0/amp-form-0.1.js]
[scione.io/wp-content/themes/astra/assets/fonts/astra.woff]
[scione.io/wp-content/themes/astra/assets/fonts/astra.ttf]
[scione.io/xmlrpc0db0.php]
[scione.io/wp-includes/wlwmanifest.xml]
[scione.io/feed/index.html]
[scione.io/wp-content/uploads/2020/09/alien-only-1024x576.jpg]
[scione.io/index.html]
[scione.io/wp-content/themes/astra/assets/fonts/astra.svg]
[scione.io/comments/feed/index.html]
[scione.io/wp-json/index.html]
[scione.io/wp-json/wp/v2/pages/2.json]
[scione.io/sample-page/feed/index.html]
[scione.io/wp-json/oembed/1.0/embed520c.json]
[scione.io/wp-json/oembed/1.0/embeddbbe]
[scione.io/sample-page/index.html]
[scione.io/wp-json/wp/v2/pages/21.json]
[scione.io/wp-json/oembed/1.0/embed133d.json]
[scione.io/wp-json/oembed/1.0/embed3f69]
[cse.google.com/f0223.txt]
[scione.io/wp-content/themes/astra/assets/js/minified/style.min4468.js]
[scione.io/wp-includes/js/wp-embed.mind03b.js]
[scione.io/search/index.html]
[cdn.ampproject.org/v0/amp-mustache-0.2.js]
[scione.io/wp-json/wp/v2/posts/8.json]
[scione.io/2020/09/12/test/feed/index.html]
[scione.io/wp-json/oembed/1.0/embed08e2.json]
[scione.io/wp-json/oembed/1.0/embed20fc]
[scione.io/2020/09/12/test/index.html]
[scione.io/wp-json/wp/v2/categories/1.json]
[scione.io/category/uncategorized/index.html]
[scione.io/category/uncategorized/feed/index.html]
[scione.io/wp-json/wp/v2/users/1.json]
[scione.io/author/brent/index.html]
[scione.io/author/brent/feed/index.html]
[scione.io/wp-json/wp/v2/posts/1.json]
[scione.io/2020/09/12/hello-world/feed/index.html]
[scione.io/wp-json/oembed/1.0/embed.1e7c1e.delayed]
[scione.io/wp-json/oembed/1.0/embed192b]
[scione.io/2020/09/12/hello-world/index.html]
[scione.io/2020/09/index.html]
[scione.io/wp-includes/js/jquery/jquery4a5f.js]
[scione.io/wp-includes/js/zxcvbn-async.min5152.js]
[scione.io/wp-includes/js/dist/vendor/wp-polyfill.min89b1.js]
[scione.io/wp-includes/js/dist/vendor/wp-polyfill-fetch.min6e0e.js]
[scione.io/wp-includes/js/dist/vendor/wp-polyfill-node-contains.min2e00.js]
[scione.io/wp-includes/js/dist/vendor/wp-polyfill-dom-rect.min2e00.js]
[scione.io/wp-includes/js/dist/vendor/wp-polyfill-url.min5aed.js]
[scione.io/wp-includes/js/dist/vendor/wp-polyfill-formdata.mine9bd.js]
[scione.io/wp-includes/js/dist/vendor/wp-polyfill-element-closest.min4c56.js]
[scione.io/wp-includes/js/dist/i18n.min77be.js]
[scione.io/wp-includes/js/underscore.min4511.js]
[scione.io/wp-includes/js/wp-util.mind03b.js]
[scione.io/wp-login.html]
[scione.io/index905b.html]
[scione.io/xmlrpc.php]
[scione.io/wp-content/themes/astra/assets/css/minified/style.min4468.css]
[scione.io/wp-content/themes/astra/assets/css/minified/menu-animation.min4468.css]
[scione.io/wp-includes/css/dist/block-library/style.mind03b.css]
[scione.io/index3965.html]
[scione.io/index2df4.html]
[scione.io/indexcff1.html]
[scione.io/wp-includes/fonts/dashicons7d4b.eot]
[scione.io/wp-includes/fonts/dashicons7d4b.ttf]
[scione.io/wp-includes/css/dashicons.mind03b.css]
[scione.io/wp-includes/css/buttons.mind03b.css]
[scione.io/wp-loginc2b6.html]
