[backblue.gif]
[fade.gif]
[index.html]
[v0.js]
[v0/amp-bind-0.1.js]
[v0/amp-form-0.1.js]
[wp-content/themes/astra/assets/fonts/astra.woff]
[wp-content/themes/astra/assets/fonts/astra.ttf]
[xmlrpc0db0.php]
[wp-includes/wlwmanifest.xml]
[wp-content/uploads/2020/09/alien-only-1024x576.jpg]
[index-2.html]
[wp-content/themes/astra/assets/fonts/astra.svg]
[comments/feed/index.html]
[feed/index.html]
[wp-json/index.html]
[wp-json/wp/v2/pages/2.json]
[sample-page/feed/index.html]
[wp-json/oembed/1.0/embed520c.json]
[wp-json/oembed/1.0/embeddbbe]
[sample-page/index.html]
[wp-json/wp/v2/pages/21.json]
[wp-json/oembed/1.0/embed133d]
[wp-json/oembed/1.0/embed3f69]
[f0223.txt]
[wp-content/themes/astra/assets/js/minified/style.min4468.js]
[search/index.html]
[wp-includes/js/wp-embed.mind03b.js]
[v0/amp-mustache-0.2.js]
[wp-json/wp/v2/posts/8.json]
[2020/09/12/test/feed/index.html]
[wp-json/oembed/1.0/embed08e2.json]
[wp-json/oembed/1.0/embed20fc]
[2020/09/12/test/index.html]
[wp-json/wp/v2/categories/1.json]
[category/uncategorized/index.html]
[category/uncategorized/feed/index.html]
[wp-json/wp/v2/users/1.json]
[author/brent/index.html]
[author/brent/feed/index.html]
[wp-json/wp/v2/posts/1.json]
[2020/09/12/hello-world/feed/index.html]
[wp-json/oembed/1.0/embed7c1e.json]
[wp-json/oembed/1.0/embed192b]
[2020/09/12/hello-world/index.html]
[2020/09/index.html]
[wp-includes/js/jquery/jquery4a5f.js]
[wp-includes/js/zxcvbn-async.min5152.js]
[wp-includes/js/dist/vendor/wp-polyfill.min89b1.js]
[wp-includes/js/dist/vendor/wp-polyfill-fetch.min6e0e.js]
[wp-includes/js/dist/vendor/wp-polyfill-node-contains.min2e00.js]
[wp-includes/js/dist/vendor/wp-polyfill-dom-rect.min2e00.js]
[wp-includes/js/dist/vendor/wp-polyfill-url.min5aed.js]
[wp-includes/js/dist/vendor/wp-polyfill-formdata.mine9bd.js]
[wp-includes/js/dist/vendor/wp-polyfill-element-closest.min4c56.js]
[wp-includes/js/dist/i18n.min77be.js]
[wp-includes/js/underscore.min4511.js]
[wp-includes/js/wp-util.mind03b.js]
[wp-login.html]
[index905b.html]
[xmlrpc.php]
[wp-content/themes/astra/assets/css/minified/style.min4468.css]
[wp-content/themes/astra/assets/css/minified/menu-animation.min4468.css]
[wp-includes/css/dist/block-library/style.mind03b.css]
[index3965.html]
[index2df4.html]
[indexcff1.html]
[wp-includes/fonts/dashicons7d4b.eot]
[wp-includes/fonts/dashicons7d4b.ttf]
[wp-includes/css/dashicons.mind03b.css]
[wp-includes/css/buttons.mind03b.css]
[wp-loginc2b6.html]
