[backblue.gif]
[fade.gif]
[index.html]
[localhost/scione/index.html]
[localhost/scione/wp-content/uploads/2020/09/alien-only-1024x576.jpg]
[localhost/scione/wp-content/themes/astra/assets/fonts/astra.woff]
[localhost/scione/wp-content/themes/astra/assets/fonts/astra.ttf]
[localhost/scione/feed/index.html]
[localhost/scione/comments/feed/index.html]
[localhost/scione/wp-json/index.html]
[localhost/scione/xmlrpc0db0.php]
[localhost/scione/wp-includes/wlwmanifest.xml]
[cdn.ampproject.org/v0/amp-bind-0.1.js]
[cdn.ampproject.org/v0/amp-form-0.1.js]
[cdn.ampproject.org/v0.js]
[localhost/scione/wp-content/themes/astra/assets/fonts/astra.svg]
[localhost/scione/wp-json/oembed/1.0/embed1f97.json]
[localhost/scione/sample-page/index.html]
[localhost/scione/search/index.html]
[localhost/scione/2020/09/12/test/index.html]
[localhost/scione/sample-page/feed/index.html]
[localhost/scione/category/uncategorized/index.html]
[localhost/scione/wp-json/wp/v2/pages/2.json]
[localhost/scione/author/brent/index.html]
[localhost/scione/wp-json/oembed/1.0/embedf356]
[localhost/scione/2020/09/12/hello-world/index.html]
[localhost/scione/2020/09/index.html]
[localhost/scione/wp-json/wp/v2/pages/21.json]
[localhost/scione/wp-login.html]
[localhost/scione/wp-json/oembed/1.0/embed1978.json]
[localhost/scione/wp-content/themes/astra/assets/js/minified/style.min4468.js]
[localhost/scione/sample-page.html]
[localhost/scione/wp-json/oembed/1.0/embed4441]
[localhost/scione/wp-includes/js/wp-embed.mind03b.js]
[cse.google.com/f0223.txt]
[localhost/scione/index905b.html]
[localhost/scione/xmlrpc.php]
[localhost/scione/2020/09/12/test/feed/index.html]
[localhost/scione/wp-admin/index.html]
[localhost/scione/search.html]
[localhost/scione/wp-json/wp/v2/posts/8.json]
[localhost/scione/wp-content/themes/astra/assets/css/minified/style.min4468.css]
[localhost/scione/wp-json/oembed/1.0/embedaca2.json]
[localhost/scione/wp-json/oembed/1.0/embed8ad7]
[localhost/scione/category/uncategorized/feed/index.html]
[localhost/scione/author/brent/feed/index.html]
[localhost/scione/wp-json/wp/v2/categories/1.json]
[localhost/scione/2020/09/12/hello-world/feed/index.html]
[localhost/scione/wp-content/themes/astra/assets/css/minified/menu-animation.min4468.css]
[localhost/scione/wp-json/wp/v2/users/1.json]
[localhost/scione/wp-includes/css/dist/block-library/style.mind03b.css]
[localhost/scione/wp-json/wp/v2/posts/1.json]
[localhost/scione/index3965.html]
[localhost/scione/wp-json/oembed/1.0/embed5560.json]
[localhost/scione/wp-json/oembed/1.0/embed0a99]
[localhost/scione/wp-includes/js/jquery/jquery4a5f.js]
[localhost/scione/wp-includes/js/zxcvbn-async.min5152.js]
[localhost/scione/wp-includes/js/dist/vendor/wp-polyfill.min89b1.js]
[localhost/scione/wp-includes/js/dist/vendor/wp-polyfill-fetch.min6e0e.js]
[localhost/scione/wp-includes/js/dist/vendor/wp-polyfill-node-contains.min2e00.js]
[localhost/scione/wp-includes/js/dist/vendor/wp-polyfill-dom-rect.min2e00.js]
[localhost/scione/wp-includes/js/dist/vendor/wp-polyfill-url.min5aed.js]
[localhost/scione/wp-includes/js/dist/vendor/wp-polyfill-formdata.mine9bd.js]
[localhost/scione/wp-includes/js/dist/vendor/wp-polyfill-element-closest.min4c56.js]
[localhost/scione/wp-includes/js/dist/i18n.min77be.js]
[localhost/scione/wp-admin/js/password-strength-meter.mind03b.js]
[localhost/scione/wp-includes/js/underscore.min4511.js]
[localhost/scione/wp-includes/js/wp-util.mind03b.js]
[localhost/scione/wp-admin/js/user-profile.mind03b.js]
[cdn.ampproject.org/v0/amp-mustache-0.2.js]
[localhost/scione/index2df4.html]
[localhost/scione/indexcff1.html]
[localhost/scione/wp-includes/css/dashicons.mind03b.css]
[localhost/scione/wp-includes/css/buttons.mind03b.css]
[localhost/scione/wp-admin/css/forms.mind03b.css]
[localhost/scione/wp-admin/css/l10n.mind03b.css]
[localhost/scione/wp-admin/css/login.mind03b.css]
[localhost/scione/wp-includes/fonts/dashicons7d4b.eot]
[localhost/scione/wp-includes/fonts/dashicons7d4b.ttf]
[localhost/scione/wp-admin/images/loading.gif]
[localhost/scione/wp-admin/images/w-logo-blue7a53.png]
[localhost/scione/wp-loginc2b6.html]
[localhost/scione/wp-login7267.html]
[localhost/scione/wp-admin/images/wordpress-logo7d6b.svg]
